Reading layer `toohey_forest_boundary' from data source 
  `/home/runner/work/ALA_Toohey_Data/ALA_Toohey_Data/spatial_data/toohey_forest_boundary.shp' 
  using driver `ESRI Shapefile'
Simple feature collection with 1 feature and 11 fields
Geometry type: POLYGON
Dimension:     XYZ
Bounding box:  xmin: 153.0322 ymin: -27.55984 xmax: 153.0815 ymax: -27.53135
z_range:       zmin: 0 zmax: 0
Geodetic CRS:  WGS 84
✔ Matched "citizen science" to valid download reason ID 11.
st_as_s2(): dropping Z and/or M coordinate
Request for 69107 occurrences placed in queue.
Current queue length: 1
-----
.Querying API ■■■                                5% |  ETA:  1m
Querying API ■■■■                              10% |  ETA:  1m
Querying API ■■■■■                             14% |  ETA:  1m
Querying API ■■■■■■■                           19% |  ETA:  1m
Querying API ■■■■■■■■                          24% |  ETA: 50s
Querying API ■■■■■■■■■■                        29% |  ETA: 46s
Querying API ■■■■■■■■■■■                       33% |  ETA: 43s
Querying API ■■■■■■■■■■■■                      38% |  ETA: 40s
Querying API ■■■■■■■■■■■■■■                    43% |  ETA: 37s
Querying API ■■■■■■■■■■■■■■■                   47% |  ETA: 34s
Querying API ■■■■■■■■■■■■■■■■■                 52% |  ETA: 31s
Querying API ■■■■■■■■■■■■■■■■■■                57% |  ETA: 28s
Querying API ■■■■■■■■■■■■■■■■■■■               62% |  ETA: 25s
Querying API ■■■■■■■■■■■■■■■■■■■■■             66% |  ETA: 22s
Querying API ■■■■■■■■■■■■■■■■■■■■■■            71% |  ETA: 19s
Querying API ■■■■■■■■■■■■■■■■■■■■■■■■          76% |  ETA: 16s
Querying API ■■■■■■■■■■■■■■■■■■■■■■■■■         80% |  ETA: 13s
Querying API ■■■■■■■■■■■■■■■■■■■■■■■■■■■       85% |  ETA:  9s
Querying API ■■■■■■■■■■■■■■■■■■■■■■■■■■■■      90% |  ETA:  6s
Querying API ■■■■■■■■■■■■■■■■■■■■■■■■■■■■■     95% |  ETA:  3s
Querying API ■■■■■■■■■■■■■■■■■■■■■■■■■■■■■■■   99% |  ETA:  0s
Running test suite ...

══ Testing get_alaoccs_testQA.R ════════════════════════════════════════════════

[ FAIL 0 | WARN 0 | SKIP 0 | PASS 0 ]
[ FAIL 0 | WARN 0 | SKIP 0 | PASS 1 ]
[ FAIL 0 | WARN 0 | SKIP 0 | PASS 2 ]
[ FAIL 0 | WARN 0 | SKIP 0 | PASS 3 ]
[ FAIL 0 | WARN 0 | SKIP 0 | PASS 4 ]
[ FAIL 0 | WARN 0 | SKIP 0 | PASS 5 ]
[ FAIL 0 | WARN 0 | SKIP 0 | PASS 6 ]
[ FAIL 0 | WARN 0 | SKIP 0 | PASS 7 ]
[ FAIL 0 | WARN 0 | SKIP 0 | PASS 8 ]
[ FAIL 0 | WARN 0 | SKIP 0 | PASS 9 ]
[ FAIL 0 | WARN 0 | SKIP 0 | PASS 10 ]
[ FAIL 0 | WARN 0 | SKIP 0 | PASS 11 ]
[ FAIL 0 | WARN 0 | SKIP 0 | PASS 12 ]
[ FAIL 0 | WARN 0 | SKIP 0 | PASS 13 ]
[ FAIL 0 | WARN 0 | SKIP 0 | PASS 14 ]
[ FAIL 0 | WARN 0 | SKIP 0 | PASS 15 ]
[ FAIL 0 | WARN 0 | SKIP 0 | PASS 16 ]
[ FAIL 0 | WARN 0 | SKIP 0 | PASS 17 ]
[ FAIL 0 | WARN 0 | SKIP 0 | PASS 18 ]
[ FAIL 0 | WARN 0 | SKIP 0 | PASS 19 ]
[ FAIL 0 | WARN 0 | SKIP 0 | PASS 20 ] Done!

All tests passed. Proceeding with further analysis.


Total number of occurrences in data: 48178


max date in updated: 
[1] "2026-08-23"


These species are missing wiki URLs - created default URLs: 
character(0)


These species are missing image URLs: 
character(0)
