✔ Matched "citizen science" to valid download reason ID 11.

Reading in base occurrences ...

Downloading occurrences ...
Date in ISO8601 format; converting timezone from UTC to "Australia/Brisbane".
Reading layer `toohey_forest_boundary' from data source 
  `/home/runner/work/ALA_Toohey_Data/ALA_Toohey_Data/spatial_data/toohey_forest_boundary.shp' 
  using driver `ESRI Shapefile'
Simple feature collection with 1 feature and 11 fields
Geometry type: POLYGON
Dimension:     XYZ
Bounding box:  xmin: 153.0322 ymin: -27.55984 xmax: 153.0815 ymax: -27.53135
z_range:       zmin: 0 zmax: 0
Geodetic CRS:  WGS 84
Adding cladistics ...
Querying API ■■                                 3% |  ETA:  2m
Querying API ■■                                 5% |  ETA:  2m
Querying API ■■■                                7% |  ETA:  2m
Querying API ■■■■                               9% |  ETA:  2m
Querying API ■■■■■                             12% |  ETA:  2m
Querying API ■■■■■                             12% |  ETA:  2m
Querying API ■■■■■                             14% |  ETA:  2m
Querying API ■■■■■■                            16% |  ETA:  2m
Querying API ■■■■■■■                           18% |  ETA:  2m
Querying API ■■■■■■■                           21% |  ETA:  2m
Querying API ■■■■■■■■                          23% |  ETA:  2m
Querying API ■■■■■■■■■                         25% |  ETA:  2m
Querying API ■■■■■■■■■                         28% |  ETA:  2m
Querying API ■■■■■■■■■■                        30% |  ETA:  2m
Querying API ■■■■■■■■■■■                       32% |  ETA:  2m
Querying API ■■■■■■■■■■■                       34% |  ETA:  2m
Querying API ■■■■■■■■■■■■                      37% |  ETA:  1m
Querying API ■■■■■■■■■■■■■                     39% |  ETA:  1m
Querying API ■■■■■■■■■■■■■                     41% |  ETA:  1m
Querying API ■■■■■■■■■■■■■■                    44% |  ETA:  1m
Querying API ■■■■■■■■■■■■■■■                   46% |  ETA:  1m
Querying API ■■■■■■■■■■■■■■■                   48% |  ETA:  1m
Querying API ■■■■■■■■■■■■■■■■                  50% |  ETA:  1m
Querying API ■■■■■■■■■■■■■■■■■                 53% |  ETA:  1m
Querying API ■■■■■■■■■■■■■■■■■                 55% |  ETA:  1m
Querying API ■■■■■■■■■■■■■■■■■■                57% |  ETA:  1m
Querying API ■■■■■■■■■■■■■■■■■■■               60% |  ETA:  1m
Querying API ■■■■■■■■■■■■■■■■■■■■              62% |  ETA:  1m
Querying API ■■■■■■■■■■■■■■■■■■■■              64% |  ETA: 49s
Querying API ■■■■■■■■■■■■■■■■■■■■■             66% |  ETA: 46s
Querying API ■■■■■■■■■■■■■■■■■■■■■■            68% |  ETA: 43s
Querying API ■■■■■■■■■■■■■■■■■■■■■■            71% |  ETA: 40s
Querying API ■■■■■■■■■■■■■■■■■■■■■■■           73% |  ETA: 37s
Querying API ■■■■■■■■■■■■■■■■■■■■■■■■          75% |  ETA: 33s
Querying API ■■■■■■■■■■■■■■■■■■■■■■■■          78% |  ETA: 30s
Querying API ■■■■■■■■■■■■■■■■■■■■■■■■■         80% |  ETA: 27s
Querying API ■■■■■■■■■■■■■■■■■■■■■■■■■■        82% |  ETA: 24s
Querying API ■■■■■■■■■■■■■■■■■■■■■■■■■■        84% |  ETA: 21s
Querying API ■■■■■■■■■■■■■■■■■■■■■■■■■■■       87% |  ETA: 18s
Querying API ■■■■■■■■■■■■■■■■■■■■■■■■■■■■      89% |  ETA: 15s
Querying API ■■■■■■■■■■■■■■■■■■■■■■■■■■■■      91% |  ETA: 12s
Querying API ■■■■■■■■■■■■■■■■■■■■■■■■■■■■■     94% |  ETA:  9s
Querying API ■■■■■■■■■■■■■■■■■■■■■■■■■■■■■■    96% |  ETA:  6s
Querying API ■■■■■■■■■■■■■■■■■■■■■■■■■■■■■■    98% |  ETA:  2s
Matched 605 of 606 taxonomic search terms in selected atlas (Australia).
1 unmatched search term:
• "Tachyspiza fasciata"

Running test suite ...

══ Testing update_occs_testQA.R ════════════════════════════════════════════════

[ FAIL 0 | WARN 0 | SKIP 0 | PASS 0 ]
[ FAIL 0 | WARN 0 | SKIP 0 | PASS 1 ]
[ FAIL 0 | WARN 0 | SKIP 0 | PASS 2 ]
[ FAIL 0 | WARN 0 | SKIP 0 | PASS 3 ]
[ FAIL 0 | WARN 0 | SKIP 0 | PASS 4 ]
[ FAIL 0 | WARN 0 | SKIP 0 | PASS 5 ]
[ FAIL 0 | WARN 0 | SKIP 0 | PASS 6 ]
[ FAIL 0 | WARN 0 | SKIP 0 | PASS 7 ]
[ FAIL 0 | WARN 0 | SKIP 0 | PASS 8 ]
[ FAIL 0 | WARN 0 | SKIP 0 | PASS 9 ]
[ FAIL 0 | WARN 0 | SKIP 0 | PASS 10 ]
[ FAIL 0 | WARN 0 | SKIP 0 | PASS 11 ]
[ FAIL 0 | WARN 0 | SKIP 0 | PASS 12 ]
[ FAIL 0 | WARN 0 | SKIP 0 | PASS 13 ]
[ FAIL 0 | WARN 0 | SKIP 0 | PASS 14 ]
[ FAIL 0 | WARN 0 | SKIP 0 | PASS 15 ]
[ FAIL 0 | WARN 0 | SKIP 0 | PASS 16 ]
[ FAIL 0 | WARN 0 | SKIP 0 | PASS 17 ]
[ FAIL 0 | WARN 0 | SKIP 0 | PASS 18 ]
[ FAIL 0 | WARN 0 | SKIP 0 | PASS 19 ] Done!

All tests passed. Proceeding with further analysis.


Number of new occurrences added: 6


Total number of occurrences in data: 48870


These species are missing wiki URLs - created default URLs: 
character(0)


These species are missing image URLs: 
character(0)


The following name mismatches were found: 


[1] "Amalosia robusta"


max date in updated: 
[1] "2026-09-10"


List of Tara Toohey species detected: 
