✔ Matched "citizen science" to valid download reason ID 11.

Reading in base occurrences ...

Downloading occurrences ...
Date in ISO8601 format; converting timezone from UTC to "Australia/Brisbane".
Reading layer `toohey_forest_boundary' from data source 
  `/home/runner/work/ALA_Toohey_Data/ALA_Toohey_Data/spatial_data/toohey_forest_boundary.shp' 
  using driver `ESRI Shapefile'
Simple feature collection with 1 feature and 11 fields
Geometry type: POLYGON
Dimension:     XYZ
Bounding box:  xmin: 153.0322 ymin: -27.55984 xmax: 153.0815 ymax: -27.53135
z_range:       zmin: 0 zmax: 0
Geodetic CRS:  WGS 84
Adding cladistics ...
Querying API ■                                  1% |  ETA:  2m
Querying API ■■                                 3% |  ETA:  2m
Querying API ■■■                                5% |  ETA:  2m
Querying API ■■■                                8% |  ETA:  2m
Querying API ■■■■                              10% |  ETA:  2m
Querying API ■■■■■                             12% |  ETA:  2m
Querying API ■■■■■                             15% |  ETA:  2m
Querying API ■■■■■■                            17% |  ETA:  2m
Querying API ■■■■■■■                           19% |  ETA:  2m
Querying API ■■■■■■■                           22% |  ETA:  2m
Querying API ■■■■■■■■                          24% |  ETA:  2m
Querying API ■■■■■■■■■                         26% |  ETA:  2m
Querying API ■■■■■■■■■■                        29% |  ETA:  2m
Querying API ■■■■■■■■■■                        31% |  ETA:  1m
Querying API ■■■■■■■■■■■                       33% |  ETA:  1m
Querying API ■■■■■■■■■■■■                      36% |  ETA:  1m
Querying API ■■■■■■■■■■■■                      38% |  ETA:  1m
Querying API ■■■■■■■■■■■■■                     40% |  ETA:  1m
Querying API ■■■■■■■■■■■■■■                    43% |  ETA:  1m
Querying API ■■■■■■■■■■■■■■■                   45% |  ETA:  1m
Querying API ■■■■■■■■■■■■■■■                   47% |  ETA:  1m
Querying API ■■■■■■■■■■■■■■■■                  50% |  ETA:  1m
Querying API ■■■■■■■■■■■■■■■■■                 52% |  ETA:  1m
Querying API ■■■■■■■■■■■■■■■■■                 54% |  ETA:  1m
Querying API ■■■■■■■■■■■■■■■■■■                57% |  ETA:  1m
Querying API ■■■■■■■■■■■■■■■■■■■               59% |  ETA:  1m
Querying API ■■■■■■■■■■■■■■■■■■■               61% |  ETA: 50s
Querying API ■■■■■■■■■■■■■■■■■■■■              64% |  ETA: 46s
Querying API ■■■■■■■■■■■■■■■■■■■■■             66% |  ETA: 43s
Querying API ■■■■■■■■■■■■■■■■■■■■■■            69% |  ETA: 40s
Querying API ■■■■■■■■■■■■■■■■■■■■■■            71% |  ETA: 37s
Querying API ■■■■■■■■■■■■■■■■■■■■■■■           73% |  ETA: 34s
Querying API ■■■■■■■■■■■■■■■■■■■■■■■■          76% |  ETA: 31s
Querying API ■■■■■■■■■■■■■■■■■■■■■■■■          78% |  ETA: 28s
Querying API ■■■■■■■■■■■■■■■■■■■■■■■■■         80% |  ETA: 25s
Querying API ■■■■■■■■■■■■■■■■■■■■■■■■■■        83% |  ETA: 22s
Querying API ■■■■■■■■■■■■■■■■■■■■■■■■■■■       85% |  ETA: 19s
Querying API ■■■■■■■■■■■■■■■■■■■■■■■■■■■       87% |  ETA: 16s
Querying API ■■■■■■■■■■■■■■■■■■■■■■■■■■■■      90% |  ETA: 13s
Querying API ■■■■■■■■■■■■■■■■■■■■■■■■■■■■■     92% |  ETA: 10s
Querying API ■■■■■■■■■■■■■■■■■■■■■■■■■■■■■     95% |  ETA:  7s
Querying API ■■■■■■■■■■■■■■■■■■■■■■■■■■■■■■    97% |  ETA:  4s
Querying API ■■■■■■■■■■■■■■■■■■■■■■■■■■■■■■■   99% |  ETA:  1s
Matched 601 of 602 taxonomic search terms in selected atlas (Australia).
1 unmatched search term:
• "Tachyspiza fasciata"

Running test suite ...

══ Testing update_occs_testQA.R ════════════════════════════════════════════════

[ FAIL 0 | WARN 0 | SKIP 0 | PASS 0 ]
[ FAIL 0 | WARN 0 | SKIP 0 | PASS 1 ]
[ FAIL 0 | WARN 0 | SKIP 0 | PASS 2 ]
[ FAIL 0 | WARN 0 | SKIP 0 | PASS 3 ]
[ FAIL 0 | WARN 0 | SKIP 0 | PASS 4 ]
[ FAIL 0 | WARN 0 | SKIP 0 | PASS 5 ]
[ FAIL 0 | WARN 0 | SKIP 0 | PASS 6 ]
[ FAIL 0 | WARN 0 | SKIP 0 | PASS 7 ]
[ FAIL 0 | WARN 0 | SKIP 0 | PASS 8 ]
[ FAIL 0 | WARN 0 | SKIP 0 | PASS 9 ]
[ FAIL 0 | WARN 0 | SKIP 0 | PASS 10 ]
[ FAIL 0 | WARN 0 | SKIP 0 | PASS 11 ]
[ FAIL 0 | WARN 0 | SKIP 0 | PASS 12 ]
[ FAIL 0 | WARN 0 | SKIP 0 | PASS 13 ]
[ FAIL 0 | WARN 0 | SKIP 0 | PASS 14 ]
[ FAIL 0 | WARN 0 | SKIP 0 | PASS 15 ]
[ FAIL 0 | WARN 0 | SKIP 0 | PASS 16 ]
[ FAIL 0 | WARN 0 | SKIP 0 | PASS 17 ]
[ FAIL 0 | WARN 0 | SKIP 0 | PASS 18 ]
[ FAIL 0 | WARN 0 | SKIP 0 | PASS 19 ] Done!

All tests passed. Proceeding with further analysis.


Number of new occurrences added: 4


Total number of occurrences in data: 48880


These species are missing wiki URLs - created default URLs: 
character(0)


These species are missing image URLs: 
character(0)


The following name mismatches were found: 


[1] "Amalosia robusta"   "Coracina papuensis"


max date in updated: 
[1] "2026-09-12"


List of Tara Toohey species detected: 
